<div id="tc-load-more" class="flex justify-center py-6"><button type="button" hx-get="/api/items?cursor=abc123" hx-swap="outerHTML" hx-target="this" class="bg-white cursor-pointer dark:bg-gray-800 dark:hover:bg-gray-700 dark:ring-gray-600 dark:text-gray-200 focus-visible:ring-2 focus-visible:ring-blue-500 focus:outline-none font-semibold gap-2 hover:bg-gray-50 inline-flex items-center motion-reduce:duration-0 motion-reduce:transition-none px-4 py-2 ring-1 ring-gray-300 ring-inset rounded-md text-gray-700 text-sm transition-colors">Load more</button></div>