<div class="space-y-2" role="img"><div class="flex gap-3 items-center"><span class="dark:text-gray-300 font-medium shrink-0 text-gray-700 text-xs truncate w-32" title="high">high</span><div class="bg-gray-100 dark:bg-gray-800 flex-1 overflow-hidden rounded"><div class="bg-emerald-600 dark:bg-emerald-500 h-5 rounded" style="width:100.0%;"></div></div></div><div class="flex gap-3 items-center"><span class="dark:text-gray-300 font-medium shrink-0 text-gray-700 text-xs truncate w-32" title="med">med</span><div class="bg-gray-100 dark:bg-gray-800 flex-1 overflow-hidden rounded"><div class="bg-amber-600 dark:bg-amber-500 h-5 rounded" style="width:55.6%;"></div></div></div><div class="flex gap-3 items-center"><span class="dark:text-gray-300 font-medium shrink-0 text-gray-700 text-xs truncate w-32" title="low">low</span><div class="bg-gray-100 dark:bg-gray-800 flex-1 overflow-hidden rounded"><div class="bg-red-600 dark:bg-red-500 h-5 rounded" style="width:11.1%;"></div></div></div></div>