<div class="space-y-2" role="img"><div class="flex gap-3 items-center"><a href="/channels/general" class="dark:hover:text-blue-400 dark:text-gray-300 font-medium hover:text-blue-600 shrink-0 text-gray-700 text-xs truncate w-32" title="general">general</a><div class="bg-gray-100 dark:bg-gray-800 flex-1 overflow-hidden rounded"><div class="bg-blue-600 dark:bg-blue-500 h-5 rounded" style="width:100.0%;"></div></div></div><div class="flex gap-3 items-center"><a href="/channels/random" class="dark:hover:text-blue-400 dark:text-gray-300 font-medium hover:text-blue-600 shrink-0 text-gray-700 text-xs truncate w-32" title="random">random</a><div class="bg-gray-100 dark:bg-gray-800 flex-1 overflow-hidden rounded"><div class="bg-blue-600 dark:bg-blue-500 h-5 rounded" style="width:66.7%;"></div></div></div></div>