<button type="button" class="bg-transparent cursor-pointer dark:focus-visible:outline-amber-400 dark:hover:bg-amber-900/20 dark:ring-amber-800 dark:text-amber-400 disabled:cursor-not-allowed disabled:opacity-50 focus-visible:outline focus-visible:outline-2 focus-visible:outline-amber-600 focus-visible:outline-offset-2 font-semibold hover:bg-amber-50 inline-flex items-center justify-center px-3 py-2 ring-1 ring-amber-300 ring-inset rounded-md text-amber-600 text-sm transition-colors">Undo</button>