<button type="button" class="bg-transparent cursor-pointer dark:focus-visible:outline-blue-400 dark:hover:bg-blue-900/20 dark:ring-blue-800 dark:text-blue-400 disabled:cursor-not-allowed disabled:opacity-50 focus-visible:outline focus-visible:outline-2 focus-visible:outline-blue-600 focus-visible:outline-offset-2 font-semibold hover:bg-blue-50 inline-flex items-center justify-center px-3 py-2 ring-1 ring-blue-300 ring-inset rounded-md text-blue-600 text-sm transition-colors">Undo</button>