<div class="dark"><div class="bg-white border border-gray-200 dark:bg-gray-800 dark:border-gray-700 overflow-hidden rounded-lg shadow-xs"><div class="border-b border-gray-200 dark:border-gray-700 flex items-center justify-between px-4 py-4 sm:px-6"><div><h3 class="dark:text-white font-semibold leading-6 text-base text-gray-900">Test Card</h3></div></div><div class="px-4 py-5 sm:p-6"></div></div></div>