<div class="border border-gray-200 dark:border-gray-700 overflow-x-auto rounded-lg"><table class="dark:divide-gray-700 divide-gray-200 divide-y min-w-full text-sm"><thead class="bg-gray-50 dark:bg-gray-800"><tr><th scope="col" aria-sort="ascending" class="dark:text-white font-semibold px-4 py-3 text-gray-900 text-start"><a href="/users?dir=desc&amp;sort=name" class="dark:hover:text-blue-400 gap-1 hover:text-blue-600 inline-flex items-center">Name ↑</a></th><th scope="col" aria-sort="none" class="dark:text-white font-semibold px-4 py-3 text-gray-900 text-start"><a href="/users?dir=asc&amp;sort=email_address" class="dark:hover:text-blue-400 gap-1 hover:text-blue-600 inline-flex items-center">Email</a></th></tr></thead> <tbody class="bg-white dark:bg-gray-900 dark:divide-gray-700 divide-gray-200 divide-y"><tr class=""><td class="dark:text-gray-300 px-4 py-3 text-gray-700">Alice</td><td class="dark:text-gray-300 px-4 py-3 text-gray-700">alice@example.com</td></tr></tbody></table></div>