<div class="px-4 py-12 sm:py-16 text-center" role="status"><div class="max-w-md mx-auto"><div class="bg-gray-100 dark:bg-gray-800 flex h-12 items-center justify-center mx-auto rounded-lg w-12"><svg class="dark:text-gray-400 h-6 text-gray-600 w-6" fill="none" viewBox="0 0 24 24" stroke-width="1.5" stroke="currentColor" aria-hidden="true"><path stroke-linecap="round" stroke-linejoin="round" d="M12 9v2m0 4h.01m-6.938 4h13.856c1.54 0 2.502-1.667 1.732-2.5L13.732 4c-.77-.833-1.664-.833-2.464 0L4.35 16.5c-.77.833.192 2.5 1.732 2.5z"></path></svg></div><h3 class="dark:text-white font-semibold mt-4 text-base text-gray-900">Unavailable — retrying</h3><p class="dark:text-gray-400 mt-2 text-gray-500 text-sm">The query failed; this region keeps retrying every 30s.</p></div></div>