<div class="gap-4 grid grid-cols-1 sm:grid-cols-2"><div class="bg-white border border-gray-200 dark:bg-gray-800 dark:border-gray-700 overflow-hidden rounded-lg shadow-xs"><div class="px-3 py-3"><dl class="space-y-1"><dt class="dark:text-gray-400 font-medium text-gray-500 text-xs tracking-wide uppercase">CPU</dt><dd class="dark:text-white font-semibold m-0 text-gray-900 text-sm">42%</dd></dl></div></div><div class="bg-white border border-gray-200 dark:bg-gray-800 dark:border-gray-700 overflow-hidden rounded-lg shadow-xs"><div class="px-3 py-3"><dl class="space-y-1"><dt class="dark:text-gray-400 font-medium text-gray-500 text-xs tracking-wide uppercase">Memory</dt><dd class="dark:text-white font-semibold m-0 text-gray-900 text-sm">8.2 GB</dd></dl></div></div></div>