<div class="inline-block relative"><div class="peer" aria-describedby="hce" tabindex="0"></div><div id="hce" role="tooltip" class="-translate-y-1/2 absolute bg-white border border-gray-200 dark:bg-gray-800 dark:border-gray-700 dark:shadow-black/20 inset-s-full invisible motion-reduce:duration-0 motion-reduce:transition-none ms-2 opacity-0 p-4 peer-focus-within:opacity-100 peer-focus-within:visible peer-hover:opacity-100 peer-hover:visible rounded-lg shadow-lg top-1/2 transition-opacity w-64 z-50"><p>Tooltip text</p></div></div>