<div class="inline-block relative"><div class="peer" aria-describedby="hcg" tabindex="0"></div><div id="hcg" role="tooltip" class="-translate-x-1/2 absolute bg-white border border-gray-200 bottom-full dark:bg-gray-800 dark:border-gray-700 dark:shadow-black/20 invisible left-1/2 mb-2 motion-reduce:duration-0 motion-reduce:transition-none opacity-0 p-4 peer-focus-within:opacity-100 peer-focus-within:visible peer-hover:opacity-100 peer-hover:visible rounded-lg shadow-lg transition-opacity w-64 z-50"><p>Tooltip text</p></div></div>