<span class="inline-block max-w-full overflow-hidden relative rounded-md"><img src="/tiny.jpg" alt="" aria-hidden="true" class="absolute blur-lg h-full inset-0 object-cover scale-110 w-full"> <img src="/big.jpg" alt="Photo" loading="eager" decoding="async" fetchpriority="high" width="800" height="600" class="h-auto relative w-full"></span>