<span class="bg-white border border-gray-200 dark:bg-gray-800 dark:border-gray-600 dark:text-gray-400 gap-1.5 inline-flex items-center px-2.5 py-0.5 rounded-full text-gray-600 text-xs"><span class="h-1.5 inline-flex relative w-1.5" aria-hidden="true"><span class="absolute animate-ping bg-green-500 dark:bg-green-400 h-1.5 inline-flex motion-reduce:animate-none opacity-75 rounded-full w-1.5"></span> <span class="bg-green-500 dark:bg-green-400 h-1.5 inline-flex relative rounded-full w-1.5"></span></span> Live</span>