<span class="bg-white border border-gray-200 dark:bg-gray-800 dark:border-gray-600 dark:text-gray-400 gap-1.5 inline-flex items-center px-2.5 py-0.5 rounded-full text-gray-600 text-xs"><span class="h-1.5 inline-flex relative w-1.5" aria-hidden="true"><span class="bg-gray-400 dark:bg-gray-500 h-1.5 inline-flex relative rounded-full w-1.5"></span></span> Paused</span>