<div class="flex flex-col gap-2" role="img" aria-label="Go 62.3%, TypeScript 37.7%"><div class="flex h-2.5 overflow-hidden rounded-full w-full"><div class="bg-blue-600 dark:bg-blue-400" style="flex-grow:62.3;"></div><div class="bg-cyan-600 dark:bg-cyan-400" style="flex-grow:37.7;"></div></div></div>