<div class="flex flex-col gap-2" role="img" aria-label="Go 62.3%, TypeScript 37.7%"><div class="flex h-2.5 overflow-hidden rounded-full w-full"><div class="bg-blue-600 dark:bg-blue-400" style="flex-grow:62.3;"></div><div class="bg-cyan-600 dark:bg-cyan-400" style="flex-grow:37.7;"></div></div><ul class="flex flex-wrap gap-x-4 gap-y-1"><li class="dark:text-gray-400 flex gap-1.5 items-center text-gray-600 text-xs"><span class="bg-blue-600 dark:bg-blue-400 h-2 rounded-full w-2" aria-hidden="true"></span> Go <span class="dark:text-gray-400 text-gray-500">62.3%</span></li><li class="dark:text-gray-400 flex gap-1.5 items-center text-gray-600 text-xs"><span class="bg-cyan-600 dark:bg-cyan-400 h-2 rounded-full w-2" aria-hidden="true"></span> TypeScript <span class="dark:text-gray-400 text-gray-500">37.7%</span></li></ul></div>