<span class="h-2.5 inline-flex relative w-2.5" role="status"><span class="absolute animate-ping bg-green-500 dark:bg-green-400 h-2.5 inline-flex motion-reduce:animate-none opacity-75 rounded-full w-2.5"></span> <span class="bg-green-500 dark:bg-green-400 h-2.5 inline-flex relative rounded-full w-2.5"></span> <span class="sr-only">Live</span></span>