<a href="/?activity=active" class="bg-white border border-gray-200 cursor-pointer dark:bg-gray-800 dark:border-gray-700 focus-visible:ring-2 focus-visible:ring-blue-500 focus:outline-none hover:shadow-md p-5 rounded-lg shadow-xs transition-shadow"><dl><dt class="dark:text-gray-400 font-medium text-gray-500 text-sm truncate">Active</dt><div class="flex items-baseline mt-1"><dd class="dark:text-white font-semibold text-2xl text-gray-900">42</dd></div></dl></a>