<div class="border border-gray-200 dark:border-gray-700 overflow-x-auto rounded-lg" tabindex="0"><table class="dark:divide-gray-700 divide-gray-200 divide-y min-w-full text-sm"><thead class="bg-gray-50 dark:bg-gray-800 sticky top-0 z-10"><tr><th scope="col" class="dark:text-white font-semibold px-4 py-3 text-gray-900 text-start">Device</th><th scope="col" class="dark:text-white font-semibold px-4 py-3 text-gray-900 text-start">Requests</th></tr></thead> <tbody class="bg-white dark:bg-gray-900 dark:divide-gray-700 divide-gray-200 divide-y"><tr class=""><td class="dark:text-gray-300 px-4 py-3 text-gray-700">pixel-8</td><td class="dark:text-gray-300 px-4 py-3 text-gray-700">12,404</td></tr></tbody></table></div>