<div class="w-full"><div role="tablist" aria-label="Tabs" class="border-b border-gray-200 dark:border-gray-700"><div class="-mb-px flex space-x-2 space-x-8"><a id="tab1-tab" href="#tab1" role="tab" aria-selected="true" aria-controls="tab1" tabindex="0" class="bg-blue-600 dark:bg-blue-500 font-medium px-3 py-2 rounded-md text-sm text-white">First</a><a id="tab2-tab" href="#tab2" role="tab" aria-selected="false" aria-controls="tab2" tabindex="-1" class="dark:hover:text-gray-200 dark:text-gray-400 font-medium hover:text-gray-700 px-3 py-2 rounded-md text-gray-500 text-sm">Second</a></div></div><div id="tab1" role="tabpanel" aria-labelledby="tab1-tab" class="mt-4"><p>First</p></div><div id="tab2" role="tabpanel" aria-labelledby="tab2-tab" hidden class="mt-4"><p>Second</p></div></div>