<div class="flex items-start"><div class="flex h-6 items-center"><input name="terms" type="checkbox" class="border-gray-300 dark:bg-gray-800 dark:border-gray-600 dark:checked:bg-blue-600 dark:focus:ring-blue-500 dark:text-blue-400 focus:ring-blue-600 h-4 rounded text-blue-600 w-4" checked></div><div class="leading-6 ms-3 text-sm"><span class="dark:text-white font-medium text-gray-900">I agree to the terms of service</span></div></div>