<div class="flex items-start"><div class="flex h-6 items-center"><input name="newsletter" type="checkbox" class="border-gray-300 dark:bg-gray-800 dark:border-gray-600 dark:checked:bg-blue-600 dark:focus:ring-blue-500 dark:text-blue-400 focus:ring-blue-600 h-4 rounded text-blue-600 w-4" aria-invalid="true"></div><div class="leading-6 ms-3 text-sm"><span class="dark:text-white font-medium text-gray-900">Subscribe to newsletter</span></div></div><p class="dark:text-red-400 mt-2 text-red-600 text-sm" role="alert">Please select at least one option</p>