<label class="block dark:text-white font-medium leading-6 text-gray-900 text-sm">Upload documents </label><input type="file" name="documents" class="block cursor-pointer dark:file:bg-blue-500 dark:focus:ring-blue-500 dark:hover:file:bg-blue-400 dark:ring-gray-700 dark:text-gray-300 file:bg-blue-600 file:border-0 file:font-semibold file:me-4 file:px-4 file:py-2 file:rounded-md file:text-sm file:text-white focus:ring-2 focus:ring-blue-600 focus:ring-inset hover:file:bg-blue-500 motion-reduce:duration-0 motion-reduce:transition-none ring-1 ring-gray-300 ring-inset rounded-md text-gray-900 text-sm transition-colors w-full" multiple><p class="dark:text-gray-400 mt-1 text-gray-500 text-sm">PDF, DOCX up to 10MB each</p>