<div class="space-y-1"><div class="flex items-center justify-between"><label for="volume" class="dark:text-white font-medium text-gray-900 text-sm">Volume </label> <span class="dark:text-gray-400 font-medium text-gray-500 text-sm" data-slider-value>50</span></div><input type="range" name="volume" id="volume" min="0" max="100" value="50" step="5" class="[&amp;::-moz-range-track]:bg-gray-200 [&amp;::-moz-range-track]:h-2 [&amp;::-moz-range-track]:rounded-lg [&amp;::-webkit-slider-runnable-track]:bg-gray-200 [&amp;::-webkit-slider-runnable-track]:h-2 [&amp;::-webkit-slider-runnable-track]:rounded-lg accent-blue-600 appearance-none bg-transparent cursor-pointer dark:[&amp;::-moz-range-track]:bg-gray-700 dark:[&amp;::-webkit-slider-runnable-track]:bg-gray-700 dark:accent-blue-400 dark:focus-visible:ring-blue-500 disabled:cursor-not-allowed disabled:opacity-50 focus-visible:ring-2 focus-visible:ring-blue-600 focus:outline-none h-6 w-full"> </div>