<div id="saving-overlay" class="absolute backdrop-blur-xs bg-white/80 dark:bg-gray-900/80 flex htmx-indicator inset-0 items-center justify-center rounded-lg z-40" role="status" aria-live="polite"><span class="sr-only">Loading…</span><svg class="animate-spin dark:text-blue-400 h-5 text-blue-600 w-5" viewBox="0 0 24 24" fill="none" aria-hidden="true"></svg></div>