<div id="saving-overlay" class="absolute backdrop-blur-xs bg-white/80 dark:bg-gray-900/80 flex htmx-indicator inset-0 items-center justify-center rounded-lg z-40" role="status" aria-live="polite"><span class="sr-only">Loading…</span><svg class="animate-spin h-6 motion-reduce:animate-none w-6" xmlns="http://www.w3.org/2000/svg" fill="none" viewBox="0 0 24 24" aria-hidden="true"><circle class="opacity-25" cx="12" cy="12" r="10" stroke="currentColor" stroke-width="4"></circle> <path class="opacity-75" fill="currentColor" d="M4 12a8 8 0 018-8V0C5.373 0 0 5.373 0 12h4zm2 5.291A7.962 7.962 0 014 12H0c0 3.042 1.135 5.824 3 7.938l3-2.647z"></path></svg></div>