<span class="tc-btn-loading"><span class="gap-2 inline-flex items-center"><svg class="animate-spin dark:text-blue-400 h-5 text-blue-600 w-5" viewBox="0 0 24 24" fill="none" aria-hidden="true"></svg><span class="htmx-indicator">Saving…</span> <span class="[.htmx-request_&]:hidden">Save</span></span></span>