<div class="bg-green-50 border border-green-200 dark:bg-green-900/20 dark:border-green-800 p-4 rounded-md" role="alert"><div class="flex"><div class="flex-shrink-0"><svg class="dark:text-green-400 h-5 text-green-600 w-5" fill="none" viewBox="0 0 24 24" stroke-width="1.5" stroke="currentColor" aria-hidden="true"><path stroke-linecap="round" stroke-linejoin="round" d="M9 12l2 2 4-4m6 2a9 9 0 11-18 0 9 9 0 0118 0z"></path></svg></div><div class="flex-1 ms-3"><h3 class="dark:text-green-200 font-medium text-green-800 text-sm">Saved</h3><div class="dark:text-green-200 text-green-800 text-sm"><p>Your changes are stored.</p></div></div></div></div>