<div class="bg-red-50 border border-red-200 dark:bg-red-900/20 dark:border-red-800 p-4 rounded-md" role="alert"><div class="flex"><div class="flex-shrink-0"><svg class="dark:text-red-400 h-5 text-red-600 w-5" fill="none" viewBox="0 0 24 24" stroke-width="1.5" stroke="currentColor" aria-hidden="true"><path stroke-linecap="round" stroke-linejoin="round" d="m9.75 9.75l4.5 4.5m0-4.5l-4.5 4.5M21 12a9 9 0 11-18 0 9 9 0 0118 0z"></path></svg></div><div class="flex-1 ml-3"><h3 class="dark:text-red-200 font-medium text-red-800 text-sm">Error</h3><div class="dark:text-red-200 text-red-800 text-sm"><p>Something failed</p></div></div></div></div>