<div class="h-16 inline-flex items-center justify-center relative w-16" role="progressbar" aria-valuenow="100" aria-valuemin="0" aria-valuemax="100" aria-label="100% complete"><svg class="-rotate-90 dark:text-blue-500 h-full text-blue-600 w-full" viewBox="0 0 100 100" fill="none"><circle cx="50" cy="50" r="47.00" stroke="currentColor" stroke-width="6.00" class="dark:text-gray-700 text-gray-200"></circle> <circle cx="50" cy="50" r="47.00" stroke="currentColor" stroke-width="6.00" stroke-linecap="round" stroke-dasharray="295.31" stroke-dashoffset="0.00" class="duration-500 ease-out motion-reduce:transition-none transition-all"></circle></svg> </div>