<div class="h-8 inline-flex items-center justify-center relative w-8" role="progressbar" aria-valuenow="50" aria-valuemin="0" aria-valuemax="100" aria-label="50% complete"><svg class="-rotate-90 dark:text-blue-500 h-full text-blue-600 w-full" viewBox="0 0 100 100" fill="none"><circle cx="50" cy="50" r="46.00" stroke="currentColor" stroke-width="8.00" class="dark:text-gray-700 text-gray-200"></circle> <circle cx="50" cy="50" r="46.00" stroke="currentColor" stroke-width="8.00" stroke-linecap="round" stroke-dasharray="289.03" stroke-dashoffset="144.51" class="duration-500 ease-out motion-reduce:transition-none transition-all"></circle></svg> </div>